
> @prc/revisions@1.0.0 build
> npm run build:blocks && npm run build:inspector-panel


> @prc/revisions@1.0.0 build:blocks
> wp-scripts build --experimental-modules --webpack-copy-php && wp-scripts build-blocks-manifest

assets by path revision-list/*.php 3.07 KiB
  asset revision-list/render.php 1.51 KiB [compared for emit] [from: src/revision-list/render.php] [copied]
  asset revision-list/class-revision-list.php 1.39 KiB [compared for emit] [from: src/revision-list/class-revision-list.php] [copied]
  asset revision-list/index.asset.php 182 bytes [compared for emit] (name: revision-list/index)
asset revision-list/index.js 2.42 KiB [compared for emit] [minimized] (name: revision-list/index)
asset revision-list/block.json 875 bytes [compared for emit] [from: src/revision-list/block.json] [copied]
Entrypoint revision-list/index 2.6 KiB = revision-list/index.js 2.42 KiB revision-list/index.asset.php 182 bytes
orphan modules 3.81 KiB [orphan] 8 modules
runtime modules 663 bytes 3 modules
./src/revision-list/index.js + 8 modules 4.07 KiB [not cacheable] [built] [code generated]
webpack 5.106.2 compiled successfully in 583 ms

webpack 5.106.2 compiled successfully in 14 ms
Block metadata PHP file generated at: build/blocks-manifest.php

> @prc/revisions@1.0.0 build:inspector-panel
> wp-scripts build --source-path=includes/inspector-sidebar-panel/src --output-path=includes/inspector-sidebar-panel/build

asset index.js 12.2 KiB [emitted] [minimized] (name: index)
asset index.asset.php 282 bytes [emitted] [compared for emit] (name: index)
Entrypoint index 12.5 KiB = index.js 12.2 KiB index.asset.php 282 bytes
orphan modules 230 KiB [orphan] 335 modules
runtime modules 663 bytes 3 modules
./includes/inspector-sidebar-panel/src/index.js + 23 modules 27.4 KiB [not cacheable] [built] [code generated]
webpack 5.106.2 compiled successfully in 1127 ms
